2024-09-15 14:11:42.139804194 +0100 BST m=+0.042856172: Photo directory set to /home/vin/Desktop
